[001/100] index=0 answered=True route=audit_generalization method=pptx_numbered_execution_stage_diff elapsed=1.750206s
[002/100] index=1 answered=True route=remaining50_generalization method=pptx_semantic_equivalence_diff elapsed=1.617713s
[003/100] index=2 answered=True route=remaining50_generalization method=xlsx_orange_row_extract elapsed=1.630631s
[004/100] index=3 answered=True route=base_recovery method=office_run_format_exact_extract elapsed=3.209439s
[005/100] index=4 answered=True route=remaining50_generalization method=notebook_target_correlation_recompute elapsed=1.637508s
[006/100] index=5 answered=True route=base_recovery method=runtime_parameter_config_resolution elapsed=3.300475s
[007/100] index=6 answered=True route=tm_invoice_difference method=tm_final_invoice_not_determinable elapsed=2.333184s
[008/100] index=7 answered=True route=audit_generalization method=visual_yellow_matrix_recompute elapsed=3.577738s
[009/100] index=8 answered=True route=base_recovery method=document_profession_numeric_difference elapsed=4.993321s
[010/100] index=9 answered=True route=remaining50_generalization method=pptx_semantic_equivalence_diff elapsed=1.758129s
[011/100] index=10 answered=True route=remaining50_generalization method=histogram_count_recompute elapsed=3.38387s
[012/100] index=11 answered=True route=base_recovery method=office_run_format_exact_none elapsed=3.128237s
[013/100] index=12 answered=True route=base_recovery method=precise_page_lookup elapsed=8.084221s
[014/100] index=13 answered=True route=remaining50_generalization method=cross_project_staff_count_then_seat_ocr elapsed=11.760848s
[015/100] index=14 answered=True route=remaining50_generalization method=pptx_semantic_equivalence_diff elapsed=1.78018s
[016/100] index=15 answered=True route=audit_generalization method=xlsx_yellow_pivot_recompute elapsed=1.813008s
[017/100] index=16 answered=True route=audit_generalization method=docx_run_format_intersection elapsed=1.606237s
[018/100] index=17 answered=True route=audit_generalization method=pdf_highlighted_metric_growth elapsed=1.796267s
[019/100] index=18 answered=True route=remaining50_generalization method=meeting_heading_page_ocr_lookup elapsed=12.454647s
[020/100] index=19 answered=True route=base_recovery method=table_date_range_filter elapsed=3.049621s
[021/100] index=20 answered=True route=remaining50_generalization method=priority_report_id_to_wbs_owner_join elapsed=21.295193s
[022/100] index=21 answered=True route=base_recovery method=contract_client_primary_role_extract elapsed=2.974393s
[023/100] index=22 answered=True route=remaining50_generalization method=notebook_output_semantic_diff elapsed=2.040267s
[024/100] index=23 answered=True route=remaining50_generalization method=tm_hypothetical_billing_difference elapsed=1.843289s
[025/100] index=24 answered=True route=remaining50_generalization method=cross_project_missing_row_count elapsed=1.843859s
[026/100] index=25 answered=True route=remaining50_generalization method=xlsx_blue_fill_sum elapsed=2.402855s
[027/100] index=26 answered=True route=remaining50_generalization method=cross_project_contract_overlap_duration elapsed=3.027032s
[028/100] index=27 answered=True route=remaining50_generalization method=proposal_out_of_scope_count elapsed=1.537069s
[029/100] index=28 answered=True route=remaining50_generalization method=reported_features_target_correlation elapsed=19.253541s
[030/100] index=29 answered=True route=remaining50_generalization method=histogram_ranked_bin_recompute elapsed=1.595687s
[031/100] index=30 answered=True route=audit_generalization method=standardized_conditional_ratio elapsed=1.569029s
[032/100] index=31 answered=True route=remaining50_generalization method=fixed_contract_amount_per_customer_row elapsed=3.067433s
[033/100] index=32 answered=True route=base_recovery method=json_code_generated_feature_names elapsed=15.880275s
[034/100] index=33 answered=True route=remaining50_generalization method=docx_embedded_chart_point_lookup elapsed=1.647687s
[035/100] index=34 answered=True route=remaining50_generalization method=meeting_action_open_to_closed_owner_filter elapsed=21.47256s
[036/100] index=35 answered=True route=scoring_precision method=pptx_displayed_ranked_metric elapsed=1.66293s
[037/100] index=36 answered=True route=remaining50_generalization method=interim_report_vs_metrics_f1_difference elapsed=2.306497s
[038/100] index=37 answered=True route=audit_generalization method=contract_amount_hours_unit_difference elapsed=1.633188s
[039/100] index=38 answered=True route=audit_generalization method=approval_policy_cross_project_apply elapsed=1.759016s
[040/100] index=39 answered=True route=remaining50_generalization method=xlsx_chartex_series_label elapsed=1.607371s
[041/100] index=40 answered=True route=remaining50_generalization method=cross_project_monthly_settlement_ranking elapsed=25.883771s
[042/100] index=41 answered=True route=remaining50_generalization method=schedule_owner_task_count elapsed=1.565392s
[043/100] index=42 answered=True route=audit_generalization method=xlsx_yellow_pivot_recompute elapsed=1.653898s
[044/100] index=43 answered=True route=base_recovery method=document_client_name_extract elapsed=3.357605s
[045/100] index=44 answered=True route=base_recovery method=local_ocr_spatial_layout elapsed=12.127165s
[046/100] index=45 answered=True route=audit_generalization method=minutes_action_state_transition elapsed=1.681079s
[047/100] index=46 answered=True route=remaining50_generalization method=max_upfront_payment_es_seat_lookup elapsed=9.249245s
[048/100] index=47 answered=True route=audit_generalization method=xlsx_formula_reference_positional_raw_row elapsed=9.263158s
[049/100] index=48 answered=True route=audit_generalization method=pdf_rate_band_min_absolute_change elapsed=2.213079s
[050/100] index=49 answered=True route=base_recovery method=docx_commented_range_text elapsed=3.823876s
[051/100] index=50 answered=True route=remaining50_generalization method=docx_nested_salary_table_difference elapsed=2.647453s
[052/100] index=51 answered=True route=base_recovery method=pptx_timeline_geometry_range elapsed=3.346534s
[053/100] index=52 answered=True route=remaining50_generalization method=final_report_separate_contract_role elapsed=12.232809s
[054/100] index=53 answered=True route=remaining50_generalization method=final_report_engineered_feature_count elapsed=1.592424s
[055/100] index=54 answered=True route=remaining50_generalization method=docx_embedded_chart_point_lookup elapsed=1.645993s
[056/100] index=55 answered=True route=remaining50_generalization method=tm_estimate_actual_hours_gap elapsed=26.851922s
[057/100] index=56 answered=True route=remaining50_generalization method=target_distribution_axis_tick_recompute elapsed=1.907036s
[058/100] index=57 answered=True route=remaining50_generalization method=regression_threshold_f1_optimization elapsed=1.689182s
[059/100] index=58 answered=True route=base_recovery method=local_ocr_spatial_layout elapsed=11.052135s
[060/100] index=59 answered=True route=base_recovery method=precise_page_lookup elapsed=3.090792s
[061/100] index=60 answered=True route=base_recovery method=open_action_ids_slide_extract elapsed=3.096964s
[062/100] index=61 answered=True route=base_recovery method=runtime_parameter_config_resolution elapsed=4.960811s
[063/100] index=62 answered=True route=remaining50_generalization method=leaderboard_top2_parameter_diff elapsed=1.605345s
[064/100] index=63 answered=True route=remaining50_generalization method=regression_coeff_prediction elapsed=1.734749s
[065/100] index=64 answered=True route=remaining50_generalization method=future_phase_hours_sum elapsed=10.893882s
[066/100] index=65 answered=True route=remaining50_generalization method=xlsx_conditional_format_thresholds elapsed=1.963196s
[067/100] index=66 answered=True route=remaining50_generalization method=date_feature_peak_day_recompute elapsed=1.592131s
[068/100] index=67 answered=True route=remaining50_generalization method=apr_rule_and_proposal_final_amount_change elapsed=21.727466s
[069/100] index=68 answered=True route=remaining50_generalization method=pdf_formula_page_values elapsed=18.387141s
[070/100] index=69 answered=True route=base_recovery method=pptx_timeline_geometry_range elapsed=2.991839s
[071/100] index=70 answered=True route=audit_generalization method=bounded_ocr_report_minutes_action_join elapsed=12.608108s
[072/100] index=71 answered=True route=audit_generalization method=docx_multi_format_intersection elapsed=1.589597s
[073/100] index=72 answered=True route=remaining50_generalization method=schedule_role_task_count elapsed=1.565228s
[074/100] index=73 answered=True route=base_recovery method=onehot_feature_plan_and_schema_resolution elapsed=3.09788s
[075/100] index=74 answered=True route=remaining50_generalization method=pptx_role_semantic_diff elapsed=1.597148s
[076/100] index=75 answered=True route=base_recovery method=pptx_timeline_geometry_range elapsed=3.060594s
[077/100] index=76 answered=True route=remaining50_generalization method=tm_rate_hours_sensitivity elapsed=1.668668s
[078/100] index=77 answered=True route=audit_generalization method=xlsx_yellow_pivot_recompute elapsed=1.684858s
[079/100] index=78 answered=True route=base_recovery method=contract_overrun_settlement_rule elapsed=3.409764s
[080/100] index=79 answered=True route=remaining50_generalization method=resource_hours_per_assigned_task elapsed=1.589649s
[081/100] index=80 answered=True route=audit_generalization method=embedded_table_yellow_hierarchy_recompute elapsed=5.838317s
[082/100] index=81 answered=True route=base_recovery method=office_run_format_exact_extract elapsed=3.197095s
[083/100] index=82 answered=True route=remaining50_generalization method=xlsx_orange_row_extract elapsed=1.598053s
[084/100] index=83 answered=True route=audit_generalization method=xlsx_regression_recompute elapsed=1.752162s
[085/100] index=84 answered=True route=base_recovery method=pptx_ranked_metric_display_page elapsed=3.240462s
[086/100] index=85 answered=True route=base_recovery method=kpi_unmet_none_extract elapsed=3.100514s
[087/100] index=86 answered=True route=audit_generalization method=structured_cross_project_role_person_dedup elapsed=2.553359s
[088/100] index=87 answered=True route=remaining50_generalization method=apr_rule_and_sample_count_filter elapsed=3.094133s
[089/100] index=88 answered=True route=base_recovery method=pptx_timeline_geometry_item_at_week elapsed=3.14466s
[090/100] index=89 answered=True route=base_recovery method=schedule_phase_last_start_task elapsed=3.020254s
[091/100] index=90 answered=True route=base_recovery method=schedule_buffer_hours_sum elapsed=3.197593s
[092/100] index=91 answered=True route=base_recovery method=table_strongest_negative_correlation elapsed=3.207807s
[093/100] index=92 answered=True route=audit_generalization method=structured_role_scoped_id_total elapsed=2.003694s
[094/100] index=93 answered=True route=remaining50_generalization method=image_pdf_action_table_geometry_ocr elapsed=8.90662s
[095/100] index=94 answered=True route=base_recovery method=schedule_milestone_role_task_ids elapsed=3.180221s
[096/100] index=95 answered=True route=base_recovery method=xlsx_semantic_diff elapsed=15.155883s
[097/100] index=96 answered=True route=base_recovery method=schedule_checkpoint_related_task_ids elapsed=3.265384s
[098/100] index=97 answered=True route=remaining50_generalization method=xlsx_highlight_band_intersection_difference elapsed=2.263149s
[099/100] index=98 answered=True route=remaining50_generalization method=tm_rate_change_effective_month_inference elapsed=2.943456s
[100/100] index=99 answered=True route=remaining50_generalization method=displayed_rank_mortality_ratio elapsed=1.543475s
{"cold_start": true, "question_count": 100, "answered_count": 100, "abstained_count": 0, "evidence_answered_count": 100, "remaining50_route_count": 49, "audit_route_count": 19, "base_route_count": 30, "timeout_count": 0, "exception_count": 0, "prepare_seconds": 12.217, "execution_wall_seconds": 642.71, "total_wall_seconds": 654.927, "question_elapsed_seconds": 498.991, "runtime_inputs": {"source_mode": "share_zip_cold_prepare", "prepared_source_tree": "/mnt/data/run_post_reaudit_v1/workspace/office/prepared_share", "share_zip": "/mnt/data/rag_integrated100_post_reaudit_coldstart_v1/materials/share.zip", "questions": "/mnt/data/rag_integrated100_post_reaudit_coldstart_v1/questions/integrated100_questions.csv", "fact_catalog": false, "prior_answers": false, "expected_answers": false, "external_api": false}, "office_events": [{"source": "共有ドライブ/プロジェクト/医療法人社団 恒一会 かえで総合病院/02.計画/~$スケジュール.xlsx", "status": "ignored_office_temp"}, {"source": "共有ドライブ/プロジェクト/医療法人社団 恒一会 かえで総合病院/02.計画/スケジュール.xlsx", "status": "decrypted", "derivation": "DA******************sx"}, {"source": "共有ドライブ/プロジェクト/医療法人社団 恒一会 かえで総合病院/01.契約/契約書_pw-kaede20250902.docx", "status": "decrypted", "derivation": "ka*********02"}, {"source": "共有ドライブ/プロジェクト/医療法人社団 蒼樹会 みなみ野女性医療センター/00.提案/~$提案書.pptx", "status": "ignored_office_temp"}, {"source": "共有ドライブ/プロジェクト/青葉与信マネジメント株式会社/06.報告書/old/.~lock.青葉与信マネジメント株式会社_最終報告old.pptx#", "status": "ignored_office_temp"}]}
