[001/100] index=0 answered=True route=audit_generalization method=pptx_numbered_execution_stage_diff elapsed=1.756447s
[002/100] index=1 answered=True route=remaining50_generalization method=pptx_semantic_equivalence_diff elapsed=1.705903s
[003/100] index=2 answered=True route=remaining50_generalization method=xlsx_orange_row_extract elapsed=1.652404s
[004/100] index=3 answered=True route=base_recovery method=office_run_format_exact_extract elapsed=3.053284s
[005/100] index=4 answered=True route=remaining50_generalization method=notebook_target_correlation_recompute elapsed=1.639711s
[006/100] index=5 answered=True route=base_recovery method=runtime_parameter_config_resolution elapsed=3.147514s
[007/100] index=6 answered=True route=tm_invoice_difference method=tm_final_invoice_not_determinable elapsed=1.887054s
[008/100] index=7 answered=True route=audit_generalization method=visual_yellow_matrix_recompute elapsed=4.222611s
[009/100] index=8 answered=True route=base_recovery method=document_profession_numeric_difference elapsed=4.997647s
[010/100] index=9 answered=True route=remaining50_generalization method=pptx_semantic_equivalence_diff elapsed=1.627789s
[011/100] index=10 answered=True route=remaining50_generalization method=histogram_count_recompute elapsed=3.319435s
[012/100] index=11 answered=True route=base_recovery method=office_run_format_exact_none elapsed=3.064417s
[013/100] index=12 answered=True route=base_recovery method=precise_page_lookup elapsed=7.890821s
[014/100] index=13 answered=True route=remaining50_generalization method=cross_project_staff_count_then_seat_ocr elapsed=9.275354s
[015/100] index=14 answered=True route=remaining50_generalization method=pptx_semantic_equivalence_diff elapsed=1.686149s
[016/100] index=15 answered=True route=audit_generalization method=xlsx_yellow_pivot_recompute elapsed=1.648466s
[017/100] index=16 answered=True route=audit_generalization method=docx_run_format_intersection elapsed=1.552957s
[018/100] index=17 answered=True route=audit_generalization method=pdf_highlighted_metric_growth elapsed=1.650061s
[019/100] index=18 answered=True route=remaining50_generalization method=meeting_heading_page_ocr_lookup elapsed=12.835037s
[020/100] index=19 answered=True route=base_recovery method=table_date_range_filter elapsed=3.039963s
[021/100] index=20 answered=True route=remaining50_generalization method=priority_report_id_to_wbs_owner_join elapsed=22.280401s
[022/100] index=21 answered=True route=base_recovery method=contract_client_primary_role_extract elapsed=3.0941s
[023/100] index=22 answered=True route=remaining50_generalization method=notebook_output_semantic_diff elapsed=1.925822s
[024/100] index=23 answered=True route=remaining50_generalization method=tm_hypothetical_billing_difference elapsed=1.804121s
[025/100] index=24 answered=True route=remaining50_generalization method=cross_project_missing_row_count elapsed=1.835374s
[026/100] index=25 answered=True route=remaining50_generalization method=xlsx_blue_fill_sum elapsed=2.461322s
[027/100] index=26 answered=True route=remaining50_generalization method=cross_project_contract_overlap_duration elapsed=3.024715s
[028/100] index=27 answered=True route=remaining50_generalization method=proposal_out_of_scope_count elapsed=1.560659s
[029/100] index=28 answered=True route=remaining50_generalization method=reported_features_target_correlation elapsed=19.257077s
[030/100] index=29 answered=True route=remaining50_generalization method=histogram_ranked_bin_recompute elapsed=1.632785s
[031/100] index=30 answered=True route=audit_generalization method=standardized_conditional_ratio elapsed=1.735394s
[032/100] index=31 answered=True route=remaining50_generalization method=fixed_contract_amount_per_customer_row elapsed=3.027442s
[033/100] index=32 answered=True route=base_recovery method=json_code_generated_feature_names elapsed=15.452467s
[034/100] index=33 answered=True route=remaining50_generalization method=docx_embedded_chart_point_lookup elapsed=1.62767s
[035/100] index=34 answered=True route=remaining50_generalization method=meeting_action_open_to_closed_owner_filter elapsed=21.243657s
[036/100] index=35 answered=True route=scoring_precision method=pptx_displayed_ranked_metric elapsed=1.557367s
[037/100] index=36 answered=True route=remaining50_generalization method=interim_report_vs_metrics_f1_difference elapsed=2.217454s
[038/100] index=37 answered=True route=audit_generalization method=contract_amount_hours_unit_difference elapsed=1.616127s
[039/100] index=38 answered=True route=audit_generalization method=approval_policy_cross_project_apply elapsed=1.763926s
[040/100] index=39 answered=True route=remaining50_generalization method=xlsx_chartex_series_label elapsed=1.536226s
[041/100] index=40 answered=True route=remaining50_generalization method=cross_project_monthly_settlement_ranking elapsed=24.398618s
[042/100] index=41 answered=True route=remaining50_generalization method=schedule_owner_task_count elapsed=1.614585s
[043/100] index=42 answered=True route=audit_generalization method=xlsx_yellow_pivot_recompute elapsed=1.549143s
[044/100] index=43 answered=True route=base_recovery method=document_client_name_extract elapsed=3.107905s
[045/100] index=44 answered=True route=base_recovery method=local_ocr_spatial_layout elapsed=11.047383s
[046/100] index=45 answered=True route=audit_generalization method=minutes_action_state_transition elapsed=1.573169s
[047/100] index=46 answered=True route=remaining50_generalization method=max_upfront_payment_es_seat_lookup elapsed=9.029443s
[048/100] index=47 answered=True route=audit_generalization method=xlsx_formula_reference_positional_raw_row elapsed=9.184487s
[049/100] index=48 answered=True route=audit_generalization method=pdf_rate_band_min_absolute_change elapsed=1.690205s
[050/100] index=49 answered=True route=base_recovery method=docx_commented_range_text elapsed=3.048546s
[051/100] index=50 answered=True route=remaining50_generalization method=docx_nested_salary_table_difference elapsed=1.578849s
[052/100] index=51 answered=True route=base_recovery method=pptx_timeline_geometry_range elapsed=3.205598s
[053/100] index=52 answered=True route=remaining50_generalization method=final_report_separate_contract_role elapsed=53.308832s
[054/100] index=53 answered=True route=remaining50_generalization method=final_report_engineered_feature_count elapsed=1.55237s
[055/100] index=54 answered=True route=remaining50_generalization method=docx_embedded_chart_point_lookup elapsed=1.546905s
[056/100] index=55 answered=True route=remaining50_generalization method=tm_estimate_actual_hours_gap elapsed=24.594908s
[057/100] index=56 answered=True route=remaining50_generalization method=target_distribution_axis_tick_recompute elapsed=4.652154s
[058/100] index=57 answered=True route=remaining50_generalization method=regression_threshold_f1_optimization elapsed=1.688347s
[059/100] index=58 answered=True route=base_recovery method=local_ocr_spatial_layout elapsed=11.000986s
[060/100] index=59 answered=True route=base_recovery method=precise_page_lookup elapsed=3.097059s
[061/100] index=60 answered=True route=base_recovery method=open_action_ids_slide_extract elapsed=2.972976s
[062/100] index=61 answered=True route=base_recovery method=runtime_parameter_config_resolution elapsed=2.982073s
[063/100] index=62 answered=True route=remaining50_generalization method=leaderboard_top2_parameter_diff elapsed=1.567003s
[064/100] index=63 answered=True route=remaining50_generalization method=regression_coeff_prediction elapsed=1.661694s
[065/100] index=64 answered=True route=remaining50_generalization method=future_phase_hours_sum elapsed=10.838185s
[066/100] index=65 answered=True route=remaining50_generalization method=xlsx_conditional_format_thresholds elapsed=1.939989s
[067/100] index=66 answered=True route=remaining50_generalization method=date_feature_peak_day_recompute elapsed=1.634773s
[068/100] index=67 answered=True route=remaining50_generalization method=apr_rule_and_proposal_final_amount_change elapsed=21.052674s
[069/100] index=68 answered=True route=remaining50_generalization method=pdf_formula_page_values elapsed=18.858287s
[070/100] index=69 answered=True route=base_recovery method=pptx_timeline_geometry_range elapsed=2.987947s
[071/100] index=70 answered=True route=audit_generalization method=bounded_ocr_report_minutes_action_join elapsed=13.05841s
[072/100] index=71 answered=True route=audit_generalization method=docx_multi_format_intersection elapsed=1.576961s
[073/100] index=72 answered=True route=remaining50_generalization method=schedule_role_task_count elapsed=1.612707s
[074/100] index=73 answered=True route=base_recovery method=onehot_feature_plan_and_schema_resolution elapsed=3.120028s
[075/100] index=74 answered=True route=remaining50_generalization method=pptx_role_semantic_diff elapsed=1.631332s
[076/100] index=75 answered=True route=base_recovery method=pptx_timeline_geometry_range elapsed=3.015068s
[077/100] index=76 answered=True route=remaining50_generalization method=tm_rate_hours_sensitivity elapsed=1.680618s
[078/100] index=77 answered=True route=audit_generalization method=xlsx_yellow_pivot_recompute elapsed=1.645087s
[079/100] index=78 answered=True route=base_recovery method=contract_overrun_settlement_rule elapsed=3.421557s
[080/100] index=79 answered=True route=remaining50_generalization method=resource_hours_per_assigned_task elapsed=1.593703s
[081/100] index=80 answered=True route=audit_generalization method=embedded_table_yellow_hierarchy_recompute elapsed=5.862419s
[082/100] index=81 answered=True route=base_recovery method=office_run_format_exact_extract elapsed=3.105919s
[083/100] index=82 answered=True route=remaining50_generalization method=xlsx_orange_row_extract elapsed=1.617672s
[084/100] index=83 answered=True route=audit_generalization method=xlsx_regression_recompute elapsed=1.775386s
[085/100] index=84 answered=True route=base_recovery method=pptx_ranked_metric_display_page elapsed=3.022241s
[086/100] index=85 answered=True route=base_recovery method=kpi_unmet_none_extract elapsed=2.997018s
[087/100] index=86 answered=True route=audit_generalization method=structured_cross_project_role_person_dedup elapsed=2.633459s
[088/100] index=87 answered=True route=remaining50_generalization method=apr_rule_and_sample_count_filter elapsed=3.389231s
[089/100] index=88 answered=True route=base_recovery method=pptx_timeline_geometry_item_at_week elapsed=3.151675s
[090/100] index=89 answered=True route=base_recovery method=schedule_phase_last_start_task elapsed=3.089325s
[091/100] index=90 answered=True route=base_recovery method=schedule_buffer_hours_sum elapsed=3.090944s
[092/100] index=91 answered=True route=base_recovery method=table_strongest_negative_correlation elapsed=2.969846s
[093/100] index=92 answered=True route=audit_generalization method=structured_role_scoped_id_total elapsed=1.900871s
[094/100] index=93 answered=True route=remaining50_generalization method=image_pdf_action_table_geometry_ocr elapsed=9.133842s
[095/100] index=94 answered=True route=base_recovery method=schedule_milestone_role_task_ids elapsed=3.099192s
[096/100] index=95 answered=True route=base_recovery method=xlsx_semantic_diff elapsed=15.148507s
[097/100] index=96 answered=True route=base_recovery method=schedule_checkpoint_related_task_ids elapsed=3.162318s
[098/100] index=97 answered=True route=remaining50_generalization method=xlsx_highlight_band_intersection_difference elapsed=2.180174s
[099/100] index=98 answered=True route=remaining50_generalization method=tm_rate_change_effective_month_inference elapsed=3.037221s
[100/100] index=99 answered=True route=remaining50_generalization method=displayed_rank_mortality_ratio elapsed=1.577937s
{"cold_start": true, "question_count": 100, "answered_count": 100, "abstained_count": 0, "evidence_answered_count": 100, "remaining50_route_count": 49, "audit_route_count": 19, "base_route_count": 30, "timeout_count": 0, "exception_count": 0, "prepare_seconds": 4.433, "execution_wall_seconds": 652.398, "total_wall_seconds": 656.831, "question_elapsed_seconds": 529.573, "runtime_inputs": {"source_mode": "share_zip_cold_prepare", "prepared_source_tree": "/mnt/data/run_third_audit_v2/rag_integrated100_second_audit_coldstart_v1/work/third_audit_coldstart100_v2/office/prepared_share", "share_zip": "/mnt/data/run_third_audit_v2/rag_integrated100_second_audit_coldstart_v1/materials/share.zip", "questions": "/mnt/data/run_third_audit_v2/rag_integrated100_second_audit_coldstart_v1/questions/integrated100_questions.csv", "fact_catalog": false, "prior_answers": false, "expected_answers": false, "external_api": false}, "office_events": [{"source": "共有ドライブ/プロジェクト/医療法人社団 恒一会 かえで総合病院/02.計画/~$スケジュール.xlsx", "status": "ignored_office_temp"}, {"source": "共有ドライブ/プロジェクト/医療法人社団 恒一会 かえで総合病院/02.計画/スケジュール.xlsx", "status": "decrypted", "derivation": "DA******************sx"}, {"source": "共有ドライブ/プロジェクト/医療法人社団 恒一会 かえで総合病院/01.契約/契約書_pw-kaede20250902.docx", "status": "decrypted", "derivation": "ka*********02"}, {"source": "共有ドライブ/プロジェクト/医療法人社団 蒼樹会 みなみ野女性医療センター/00.提案/~$提案書.pptx", "status": "ignored_office_temp"}, {"source": "共有ドライブ/プロジェクト/青葉与信マネジメント株式会社/06.報告書/old/.~lock.青葉与信マネジメント株式会社_最終報告old.pptx#", "status": "ignored_office_temp"}]}
