2026-07-07 07:53:53,063 [INFO] converted share/共有ドライブ/プロジェクト/京橋信用ソリューションズ株式会社/01.契約/契約書.docx
2026-07-07 07:53:53,166 [INFO] converted share/共有ドライブ/プロジェクト/京橋信用ソリューションズ株式会社/05.会議/報告資料/報告資料_2025-10-01.docx
2026-07-07 07:53:53,273 [INFO] converted share/共有ドライブ/プロジェクト/京橋信用ソリューションズ株式会社/05.会議/報告資料/報告資料_2025-10-29.docx
2026-07-07 07:54:14,370 [INFO] converted share/共有ドライブ/プロジェクト/京橋信用ソリューションズ株式会社/01.契約/契約書.docx
2026-07-07 07:54:14,428 [INFO] converted share/共有ドライブ/プロジェクト/京橋信用ソリューションズ株式会社/05.会議/報告資料/報告資料_2025-10-01.docx
2026-07-07 07:54:14,517 [INFO] converted share/共有ドライブ/プロジェクト/京橋信用ソリューションズ株式会社/05.会議/報告資料/報告資料_2025-10-29.docx
2026-07-07 07:54:14,718 [ERROR] failed share/共有ドライブ/プロジェクト/医療法人社団 恒一会 かえで総合病院/01.契約/契約書_pw-kaede20250902.docx
Traceback (most recent call last):
  File "E:\PC\デスクトップ\SIGNATE\SIGNATE_Agentic_RAG\EDA\EDA012\eda012.py", line 454, in main
    rows.append(convert_docx(path))
                ^^^^^^^^^^^^^^^^^^
  File "E:\PC\デスクトップ\SIGNATE\SIGNATE_Agentic_RAG\EDA\EDA012\eda012.py", line 289, in convert_docx
    document = Document(raw_docx_path)
               ^^^^^^^^^^^^^^^^^^^^^^^
  File "E:\PC\デスクトップ\SIGNATE\SIGNATE_Agentic_RAG\.venv\Lib\site-packages\docx\api.py", line 27, in Document
    document_part = cast("DocumentPart", Package.open(docx).main_document_part)
                                         ^^^^^^^^^^^^^^^^^^
  File "E:\PC\デスクトップ\SIGNATE\SIGNATE_Agentic_RAG\.venv\Lib\site-packages\docx\opc\package.py", line 126, in open
    pkg_reader = PackageReader.from_file(pkg_file)
                 ^^^^^^^^^^^^^^^^^^^^^^^^^^^^^^^^^
  File "E:\PC\デスクトップ\SIGNATE\SIGNATE_Agentic_RAG\.venv\Lib\site-packages\docx\opc\pkgreader.py", line 22, in from_file
    phys_reader = PhysPkgReader(pkg_file)
                  ^^^^^^^^^^^^^^^^^^^^^^^
  File "E:\PC\デスクトップ\SIGNATE\SIGNATE_Agentic_RAG\.venv\Lib\site-packages\docx\opc\phys_pkg.py", line 76, in __init__
    self._zipf = ZipFile(pkg_file, "r")
                 ^^^^^^^^^^^^^^^^^^^^^^
  File "C:\Users\中村\AppData\Roaming\uv\python\cpython-3.11-windows-x86_64-none\Lib\zipfile.py", line 1329, in __init__
    self._RealGetContents()
  File "C:\Users\中村\AppData\Roaming\uv\python\cpython-3.11-windows-x86_64-none\Lib\zipfile.py", line 1396, in _RealGetContents
    raise BadZipFile("File is not a zip file")
zipfile.BadZipFile: File is not a zip file
2026-07-07 07:54:14,856 [INFO] converted share/共有ドライブ/プロジェクト/医療法人社団 恒一会 かえで総合病院/01.契約/契約書_pw解除版.docx
2026-07-07 07:54:14,942 [INFO] converted share/共有ドライブ/プロジェクト/医療法人社団 恒一会 かえで総合病院/05.会議/会議録/会議録_2025-09-02.docx
2026-07-07 07:54:15,040 [INFO] converted share/共有ドライブ/プロジェクト/医療法人社団 恒一会 かえで総合病院/05.会議/会議録/会議録_2025-09-16.docx
2026-07-07 07:54:15,260 [INFO] converted share/共有ドライブ/プロジェクト/医療法人社団 恒一会 かえで総合病院/05.会議/会議録/会議録_2025-09-30.docx
2026-07-07 07:54:15,378 [INFO] converted share/共有ドライブ/プロジェクト/医療法人社団 恒一会 かえで総合病院/05.会議/報告資料/報告資料_2025-09-02.docx
2026-07-07 07:54:15,456 [INFO] converted share/共有ドライブ/プロジェクト/医療法人社団 恒一会 かえで総合病院/05.会議/報告資料/報告資料_2025-09-16.docx
2026-07-07 07:54:15,527 [INFO] converted share/共有ドライブ/プロジェクト/医療法人社団 蒼樹会 みなみ野女性医療センター/00.提案/糖尿病統計情報.docx
2026-07-07 07:54:15,603 [INFO] converted share/共有ドライブ/プロジェクト/医療法人社団 蒼樹会 みなみ野女性医療センター/01.契約/契約書.docx
2026-07-07 07:54:15,701 [INFO] converted share/共有ドライブ/プロジェクト/医療法人社団 蒼泉会 ひがし丘総合病院/01.契約/契約書.docx
2026-07-07 07:54:15,809 [INFO] converted share/共有ドライブ/プロジェクト/医療法人社団 蒼泉会 ひがし丘総合病院/05.会議/会議録/会議録_2025-07-08.docx
2026-07-07 07:54:15,905 [INFO] converted share/共有ドライブ/プロジェクト/医療法人社団 蒼泉会 ひがし丘総合病院/05.会議/会議録/会議録_2025-07-22.docx
2026-07-07 07:54:16,007 [INFO] converted share/共有ドライブ/プロジェクト/医療法人社団 蒼泉会 ひがし丘総合病院/05.会議/会議録/会議録_2025-08-05.docx
2026-07-07 07:54:16,091 [INFO] converted share/共有ドライブ/プロジェクト/医療法人社団 蒼泉会 ひがし丘総合病院/05.会議/報告資料/報告資料_2025-07-08.docx
2026-07-07 07:54:16,213 [INFO] converted share/共有ドライブ/プロジェクト/医療法人社団 蒼泉会 ひがし丘総合病院/05.会議/報告資料/報告資料_2025-07-22.docx
2026-07-07 07:54:16,338 [INFO] converted share/共有ドライブ/プロジェクト/株式会社東都人材プラットフォーム/00.提案/データサイエンティスト調査.docx
2026-07-07 07:54:16,432 [INFO] converted share/共有ドライブ/プロジェクト/株式会社東都人材プラットフォーム/01.契約/契約書.docx
2026-07-07 07:54:16,508 [INFO] converted share/共有ドライブ/プロジェクト/株式会社東都人材プラットフォーム/05.会議/会議録/会議録_2025-08-18.docx
2026-07-07 07:54:16,585 [INFO] converted share/共有ドライブ/プロジェクト/株式会社東都人材プラットフォーム/05.会議/会議録/会議録_2025-09-08.docx
2026-07-07 07:54:16,669 [INFO] converted share/共有ドライブ/プロジェクト/株式会社東都人材プラットフォーム/05.会議/会議録/会議録_2025-09-26.docx
2026-07-07 07:54:16,757 [INFO] converted share/共有ドライブ/プロジェクト/株式会社青嶺不動産アセットマネジメント/01.契約/契約書.docx
2026-07-07 07:54:16,842 [INFO] converted share/共有ドライブ/プロジェクト/株式会社青嶺不動産アセットマネジメント/05.会議/会議録/会議録_2025-08-06.docx
2026-07-07 07:54:16,941 [INFO] converted share/共有ドライブ/プロジェクト/株式会社青嶺不動産アセットマネジメント/05.会議/会議録/会議録_2025-08-26.docx
2026-07-07 07:54:17,022 [INFO] converted share/共有ドライブ/プロジェクト/株式会社青嶺不動産アセットマネジメント/05.会議/会議録/会議録_2025-09-16.docx
2026-07-07 07:54:17,108 [INFO] converted share/共有ドライブ/プロジェクト/株式会社青潮モビリティサービス/01.契約/契約書.docx
2026-07-07 07:54:17,182 [INFO] converted share/共有ドライブ/プロジェクト/株式会社青潮モビリティサービス/05.会議/会議録/会議録_2025-07-23.docx
2026-07-07 07:54:17,307 [INFO] converted share/共有ドライブ/プロジェクト/株式会社青潮モビリティサービス/05.会議/会議録/会議録_2025-08-06.docx
2026-07-07 07:54:17,471 [INFO] converted share/共有ドライブ/プロジェクト/株式会社青潮モビリティサービス/05.会議/会議録/会議録_2025-08-26.docx
2026-07-07 07:54:17,486 [INFO] converted share/共有ドライブ/プロジェクト/株式会社青潮モビリティサービス/05.会議/報告資料/基礎分析.docx
2026-07-07 07:54:17,564 [INFO] converted share/共有ドライブ/プロジェクト/株式会社青潮モビリティサービス/05.会議/報告資料/報告資料_2025-07-23.docx
2026-07-07 07:54:17,661 [INFO] converted share/共有ドライブ/プロジェクト/株式会社青潮モビリティサービス/05.会議/報告資料/報告資料_2025-08-06.docx
2026-07-07 07:54:17,792 [INFO] converted share/共有ドライブ/プロジェクト/株式会社青葉バイオメディカル機器/01.契約/契約書.docx
2026-07-07 07:54:17,878 [INFO] converted share/共有ドライブ/プロジェクト/株式会社青葉バイオメディカル機器/01.契約/契約書_draft.docx
2026-07-07 07:54:17,995 [INFO] converted share/共有ドライブ/プロジェクト/株式会社青葉バイオメディカル機器/05.会議/会議録/会議録_2025-06-23.docx
2026-07-07 07:54:18,125 [INFO] converted share/共有ドライブ/プロジェクト/株式会社青葉バイオメディカル機器/05.会議/会議録/会議録_2025-07-11.docx
2026-07-07 07:54:18,244 [INFO] converted share/共有ドライブ/プロジェクト/株式会社青葉バイオメディカル機器/05.会議/会議録/会議録_2025-07-25.docx
2026-07-07 07:54:18,346 [INFO] converted share/共有ドライブ/プロジェクト/株式会社青葉バイオメディカル機器/05.会議/報告資料/報告資料_2025-06-23.docx
2026-07-07 07:54:18,875 [INFO] converted share/共有ドライブ/プロジェクト/株式会社青葉バイオメディカル機器/05.会議/報告資料/報告資料_2025-07-11.docx
2026-07-07 07:54:19,025 [INFO] converted share/共有ドライブ/プロジェクト/白峰信用リスク評価株式会社/01.契約/契約書.docx
2026-07-07 07:54:19,134 [INFO] converted share/共有ドライブ/プロジェクト/青葉与信マネジメント株式会社/01.契約/契約書.docx
2026-07-07 07:54:19,249 [INFO] converted share/共有ドライブ/プロジェクト/青葉与信マネジメント株式会社/05.会議/報告資料/報告資料_2025-04-09.docx
2026-07-07 07:54:19,408 [INFO] converted share/共有ドライブ/プロジェクト/青葉与信マネジメント株式会社/05.会議/報告資料/報告資料_2025-04-29.docx
2026-07-07 07:54:19,437 [INFO] converted share/共有ドライブ/社内管理/データアステル社内規定_パスワード導出規則.docx
2026-07-07 07:54:19,566 [INFO] converted share/共有ドライブ/社内管理/社内用語集.docx
